[90mMon, 29 Jun 2026 22:05:11 +0200[0m [32mINF[0m [1mgithub.com/Telmate/terraform-provider-proxmox/v2/proxmox/util.go:188[0m[36m >[0m [1mLogging Started. Root Logger Set to level info[0m
[90mMon, 29 Jun 2026 22:16:50 +0200[0m [32mINF[0m [1mgithub.com/Telmate/terraform-provider-proxmox/v2/proxmox/util.go:188[0m[36m >[0m [1mLogging Started. Root Logger Set to level info[0m
[90mMon, 29 Jun 2026 22:17:10 +0200[0m [32mINF[0m [1mgithub.com/Telmate/terraform-provider-proxmox/v2/proxmox/util.go:188[0m[36m >[0m [1mLogging Started. Root Logger Set to level info[0m
[90mMon, 29 Jun 2026 22:17:33 +0200[0m [32mINF[0m [1mgithub.com/Telmate/terraform-provider-proxmox/v2/proxmox/util.go:188[0m[36m >[0m [1mLogging Started. Root Logger Set to level info[0m
[90mMon, 29 Jun 2026 22:17:33 +0200[0m [32mINF[0m [1mgithub.com/Telmate/terraform-provider-proxmox/v2/proxmox/resource_vm_qemu.go:567[0m[36m >[0m [1mVM creation[0m [36mloggerName=[0mresource_vm_create [36mvmid=[0m
[90mMon, 29 Jun 2026 22:17:33 +0200[0m [32mINF[0m [1mgithub.com/Telmate/terraform-provider-proxmox/v2/proxmox/resource_vm_qemu.go:567[0m[36m >[0m [1mVM creation[0m [36mloggerName=[0mresource_vm_create [36mvmid=[0m
[90mMon, 29 Jun 2026 22:17:33 +0200[0m [32mINF[0m [1mgithub.com/Telmate/terraform-provider-proxmox/v2/proxmox/resource_vm_qemu.go:567[0m[36m >[0m [1mVM creation[0m [36mloggerName=[0mresource_vm_create [36mvmid=[0m
[90mMon, 29 Jun 2026 22:17:33 +0200[0m [32mINF[0m [1mgithub.com/Telmate/terraform-provider-proxmox/v2/proxmox/resource_vm_qemu.go:567[0m[36m >[0m [1mVM creation[0m [36mloggerName=[0mresource_vm_create [36mvmid=[0m
[90mMon, 29 Jun 2026 22:18:22 +0200[0m [32mINF[0m [1mgithub.com/Telmate/terraform-provider-proxmox/v2/proxmox/resource_vm_qemu.go:1024[0m[36m >[0m [1mReading configuration for vmid[0m [36mloggerName=[0mresource_vm_read [36mvmid=[0m301
[90mMon, 29 Jun 2026 22:18:22 +0200[0m [32mINF[0m [1mgithub.com/Telmate/terraform-provider-proxmox/v2/proxmox/resource_vm_qemu.go:1390[0m[36m >[0m [1mtrying to get vm ip address for provisioner[0m [36mloggerName=[0minitConnInfo [36mvmid=[0m301
[90mMon, 29 Jun 2026 22:20:49 +0200[0m [32mINF[0m [1mgithub.com/Telmate/terraform-provider-proxmox/v2/proxmox/resource_vm_qemu.go:1024[0m[36m >[0m [1mReading configuration for vmid[0m [36mloggerName=[0mresource_vm_read [36mvmid=[0m302
[90mMon, 29 Jun 2026 22:20:50 +0200[0m [32mINF[0m [1mgithub.com/Telmate/terraform-provider-proxmox/v2/proxmox/resource_vm_qemu.go:1390[0m[36m >[0m [1mtrying to get vm ip address for provisioner[0m [36mloggerName=[0minitConnInfo [36mvmid=[0m302
[90mMon, 29 Jun 2026 22:23:13 +0200[0m [32mINF[0m [1mgithub.com/Telmate/terraform-provider-proxmox/v2/proxmox/resource_vm_qemu.go:1024[0m[36m >[0m [1mReading configuration for vmid[0m [36mloggerName=[0mresource_vm_read [36mvmid=[0m300
[90mMon, 29 Jun 2026 22:23:13 +0200[0m [32mINF[0m [1mgithub.com/Telmate/terraform-provider-proxmox/v2/proxmox/resource_vm_qemu.go:1390[0m[36m >[0m [1mtrying to get vm ip address for provisioner[0m [36mloggerName=[0minitConnInfo [36mvmid=[0m300
[90mMon, 29 Jun 2026 22:25:39 +0200[0m [32mINF[0m [1mgithub.com/Telmate/terraform-provider-proxmox/v2/proxmox/resource_vm_qemu.go:1024[0m[36m >[0m [1mReading configuration for vmid[0m [36mloggerName=[0mresource_vm_read [36mvmid=[0m311
[90mMon, 29 Jun 2026 22:25:39 +0200[0m [32mINF[0m [1mgithub.com/Telmate/terraform-provider-proxmox/v2/proxmox/resource_vm_qemu.go:1390[0m[36m >[0m [1mtrying to get vm ip address for provisioner[0m [36mloggerName=[0minitConnInfo [36mvmid=[0m311
[90mMon, 29 Jun 2026 22:33:00 +0200[0m [32mINF[0m [1mgithub.com/Telmate/terraform-provider-proxmox/v2/proxmox/util.go:188[0m[36m >[0m [1mLogging Started. Root Logger Set to level info[0m
[90mMon, 29 Jun 2026 22:33:00 +0200[0m [32mINF[0m [1mgithub.com/Telmate/terraform-provider-proxmox/v2/proxmox/resource_vm_qemu.go:1024[0m[36m >[0m [1mReading configuration for vmid[0m [36mloggerName=[0mresource_vm_read [36mvmid=[0m300
[90mMon, 29 Jun 2026 22:33:00 +0200[0m [32mINF[0m [1mgithub.com/Telmate/terraform-provider-proxmox/v2/proxmox/resource_vm_qemu.go:1390[0m[36m >[0m [1mtrying to get vm ip address for provisioner[0m [36mloggerName=[0minitConnInfo [36mvmid=[0m300
[90mMon, 29 Jun 2026 22:34:36 +0200[0m [32mINF[0m [1mgithub.com/Telmate/terraform-provider-proxmox/v2/proxmox/resource_vm_qemu.go:1024[0m[36m >[0m [1mReading configuration for vmid[0m [36mloggerName=[0mresource_vm_read [36mvmid=[0m302
[90mMon, 29 Jun 2026 22:34:36 +0200[0m [32mINF[0m [1mgithub.com/Telmate/terraform-provider-proxmox/v2/proxmox/resource_vm_qemu.go:1390[0m[36m >[0m [1mtrying to get vm ip address for provisioner[0m [36mloggerName=[0minitConnInfo [36mvmid=[0m302
[90mMon, 29 Jun 2026 22:36:13 +0200[0m [32mINF[0m [1mgithub.com/Telmate/terraform-provider-proxmox/v2/proxmox/resource_vm_qemu.go:1024[0m[36m >[0m [1mReading configuration for vmid[0m [36mloggerName=[0mresource_vm_read [36mvmid=[0m301
[90mMon, 29 Jun 2026 22:36:13 +0200[0m [32mINF[0m [1mgithub.com/Telmate/terraform-provider-proxmox/v2/proxmox/resource_vm_qemu.go:1390[0m[36m >[0m [1mtrying to get vm ip address for provisioner[0m [36mloggerName=[0minitConnInfo [36mvmid=[0m301
[90mMon, 29 Jun 2026 22:37:49 +0200[0m [32mINF[0m [1mgithub.com/Telmate/terraform-provider-proxmox/v2/proxmox/resource_vm_qemu.go:1024[0m[36m >[0m [1mReading configuration for vmid[0m [36mloggerName=[0mresource_vm_read [36mvmid=[0m311
[90mMon, 29 Jun 2026 22:37:49 +0200[0m [32mINF[0m [1mgithub.com/Telmate/terraform-provider-proxmox/v2/proxmox/resource_vm_qemu.go:1390[0m[36m >[0m [1mtrying to get vm ip address for provisioner[0m [36mloggerName=[0minitConnInfo [36mvmid=[0m311
[90mMon, 29 Jun 2026 22:39:26 +0200[0m [32mINF[0m [1mgithub.com/Telmate/terraform-provider-proxmox/v2/proxmox/util.go:188[0m[36m >[0m [1mLogging Started. Root Logger Set to level info[0m
[90mMon, 29 Jun 2026 22:44:21 +0200[0m [32mINF[0m [1mgithub.com/Telmate/terraform-provider-proxmox/v2/proxmox/util.go:188[0m[36m >[0m [1mLogging Started. Root Logger Set to level info[0m
[90mMon, 29 Jun 2026 22:44:54 +0200[0m [32mINF[0m [1mgithub.com/Telmate/terraform-provider-proxmox/v2/proxmox/util.go:188[0m[36m >[0m [1mLogging Started. Root Logger Set to level info[0m
[90mMon, 29 Jun 2026 22:44:58 +0200[0m [32mINF[0m [1mgithub.com/Telmate/terraform-provider-proxmox/v2/proxmox/util.go:188[0m[36m >[0m [1mLogging Started. Root Logger Set to level info[0m
[90mMon, 29 Jun 2026 22:44:58 +0200[0m [32mINF[0m [1mgithub.com/Telmate/terraform-provider-proxmox/v2/proxmox/resource_vm_qemu.go:567[0m[36m >[0m [1mVM creation[0m [36mloggerName=[0mresource_vm_create [36mvmid=[0m
[90mMon, 29 Jun 2026 22:44:58 +0200[0m [32mINF[0m [1mgithub.com/Telmate/terraform-provider-proxmox/v2/proxmox/resource_vm_qemu.go:567[0m[36m >[0m [1mVM creation[0m [36mloggerName=[0mresource_vm_create [36mvmid=[0m
[90mMon, 29 Jun 2026 22:44:58 +0200[0m [32mINF[0m [1mgithub.com/Telmate/terraform-provider-proxmox/v2/proxmox/resource_vm_qemu.go:567[0m[36m >[0m [1mVM creation[0m [36mloggerName=[0mresource_vm_create [36mvmid=[0m
[90mMon, 29 Jun 2026 22:44:58 +0200[0m [32mINF[0m [1mgithub.com/Telmate/terraform-provider-proxmox/v2/proxmox/resource_vm_qemu.go:567[0m[36m >[0m [1mVM creation[0m [36mloggerName=[0mresource_vm_create [36mvmid=[0m
[90mMon, 29 Jun 2026 22:45:46 +0200[0m [32mINF[0m [1mgithub.com/Telmate/terraform-provider-proxmox/v2/proxmox/resource_vm_qemu.go:1024[0m[36m >[0m [1mReading configuration for vmid[0m [36mloggerName=[0mresource_vm_read [36mvmid=[0m300
[90mMon, 29 Jun 2026 22:45:46 +0200[0m [32mINF[0m [1mgithub.com/Telmate/terraform-provider-proxmox/v2/proxmox/resource_vm_qemu.go:1390[0m[36m >[0m [1mtrying to get vm ip address for provisioner[0m [36mloggerName=[0minitConnInfo [36mvmid=[0m300
[90mMon, 29 Jun 2026 22:48:13 +0200[0m [32mINF[0m [1mgithub.com/Telmate/terraform-provider-proxmox/v2/proxmox/resource_vm_qemu.go:1024[0m[36m >[0m [1mReading configuration for vmid[0m [36mloggerName=[0mresource_vm_read [36mvmid=[0m311
[90mMon, 29 Jun 2026 22:48:13 +0200[0m [32mINF[0m [1mgithub.com/Telmate/terraform-provider-proxmox/v2/proxmox/resource_vm_qemu.go:1390[0m[36m >[0m [1mtrying to get vm ip address for provisioner[0m [36mloggerName=[0minitConnInfo [36mvmid=[0m311
[90mMon, 29 Jun 2026 22:50:39 +0200[0m [32mINF[0m [1mgithub.com/Telmate/terraform-provider-proxmox/v2/proxmox/resource_vm_qemu.go:1024[0m[36m >[0m [1mReading configuration for vmid[0m [36mloggerName=[0mresource_vm_read [36mvmid=[0m301
[90mMon, 29 Jun 2026 22:50:39 +0200[0m [32mINF[0m [1mgithub.com/Telmate/terraform-provider-proxmox/v2/proxmox/resource_vm_qemu.go:1390[0m[36m >[0m [1mtrying to get vm ip address for provisioner[0m [36mloggerName=[0minitConnInfo [36mvmid=[0m301
[90mMon, 29 Jun 2026 22:52:35 +0200[0m [32mINF[0m [1mgithub.com/Telmate/terraform-provider-proxmox/v2/proxmox/util.go:188[0m[36m >[0m [1mLogging Started. Root Logger Set to level info[0m
[90mMon, 29 Jun 2026 22:52:35 +0200[0m [32mINF[0m [1mgithub.com/Telmate/terraform-provider-proxmox/v2/proxmox/resource_vm_qemu.go:1024[0m[36m >[0m [1mReading configuration for vmid[0m [36mloggerName=[0mresource_vm_read [36mvmid=[0m311
[90mMon, 29 Jun 2026 22:52:35 +0200[0m [32mINF[0m [1mgithub.com/Telmate/terraform-provider-proxmox/v2/proxmox/resource_vm_qemu.go:1024[0m[36m >[0m [1mReading configuration for vmid[0m [36mloggerName=[0mresource_vm_read [36mvmid=[0m301
[90mMon, 29 Jun 2026 22:52:35 +0200[0m [32mINF[0m [1mgithub.com/Telmate/terraform-provider-proxmox/v2/proxmox/resource_vm_qemu.go:1024[0m[36m >[0m [1mReading configuration for vmid[0m [36mloggerName=[0mresource_vm_read [36mvmid=[0m300
[90mMon, 29 Jun 2026 22:52:36 +0200[0m [32mINF[0m [1mgithub.com/Telmate/terraform-provider-proxmox/v2/proxmox/util.go:188[0m[36m >[0m [1mLogging Started. Root Logger Set to level info[0m
[90mMon, 29 Jun 2026 22:52:39 +0200[0m [32mINF[0m [1mgithub.com/Telmate/terraform-provider-proxmox/v2/proxmox/util.go:188[0m[36m >[0m [1mLogging Started. Root Logger Set to level info[0m
[90mMon, 29 Jun 2026 22:58:50 +0200[0m [32mINF[0m [1mgithub.com/Telmate/terraform-provider-proxmox/v2/proxmox/util.go:188[0m[36m >[0m [1mLogging Started. Root Logger Set to level info[0m
[90mMon, 29 Jun 2026 22:59:03 +0200[0m [32mINF[0m [1mgithub.com/Telmate/terraform-provider-proxmox/v2/proxmox/util.go:188[0m[36m >[0m [1mLogging Started. Root Logger Set to level info[0m
[90mMon, 29 Jun 2026 22:59:06 +0200[0m [32mINF[0m [1mgithub.com/Telmate/terraform-provider-proxmox/v2/proxmox/util.go:188[0m[36m >[0m [1mLogging Started. Root Logger Set to level info[0m
[90mMon, 29 Jun 2026 22:59:06 +0200[0m [32mINF[0m [1mgithub.com/Telmate/terraform-provider-proxmox/v2/proxmox/resource_vm_qemu.go:567[0m[36m >[0m [1mVM creation[0m [36mloggerName=[0mresource_vm_create [36mvmid=[0m
[90mMon, 29 Jun 2026 22:59:06 +0200[0m [32mINF[0m [1mgithub.com/Telmate/terraform-provider-proxmox/v2/proxmox/resource_vm_qemu.go:567[0m[36m >[0m [1mVM creation[0m [36mloggerName=[0mresource_vm_create [36mvmid=[0m
[90mMon, 29 Jun 2026 22:59:06 +0200[0m [32mINF[0m [1mgithub.com/Telmate/terraform-provider-proxmox/v2/proxmox/resource_vm_qemu.go:567[0m[36m >[0m [1mVM creation[0m [36mloggerName=[0mresource_vm_create [36mvmid=[0m
[90mMon, 29 Jun 2026 22:59:06 +0200[0m [32mINF[0m [1mgithub.com/Telmate/terraform-provider-proxmox/v2/proxmox/resource_vm_qemu.go:567[0m[36m >[0m [1mVM creation[0m [36mloggerName=[0mresource_vm_create [36mvmid=[0m
[90mMon, 29 Jun 2026 23:00:00 +0200[0m [32mINF[0m [1mgithub.com/Telmate/terraform-provider-proxmox/v2/proxmox/resource_vm_qemu.go:1024[0m[36m >[0m [1mReading configuration for vmid[0m [36mloggerName=[0mresource_vm_read [36mvmid=[0m301
[90mMon, 29 Jun 2026 23:00:00 +0200[0m [32mINF[0m [1mgithub.com/Telmate/terraform-provider-proxmox/v2/proxmox/resource_vm_qemu.go:1390[0m[36m >[0m [1mtrying to get vm ip address for provisioner[0m [36mloggerName=[0minitConnInfo [36mvmid=[0m301
[90mMon, 29 Jun 2026 23:06:31 +0200[0m [32mINF[0m [1mgithub.com/Telmate/terraform-provider-proxmox/v2/proxmox/util.go:188[0m[36m >[0m [1mLogging Started. Root Logger Set to level info[0m
[90mMon, 29 Jun 2026 23:06:32 +0200[0m [32mINF[0m [1mgithub.com/Telmate/terraform-provider-proxmox/v2/proxmox/resource_vm_qemu.go:1024[0m[36m >[0m [1mReading configuration for vmid[0m [36mloggerName=[0mresource_vm_read [36mvmid=[0m301
[90mMon, 29 Jun 2026 23:06:32 +0200[0m [32mINF[0m [1mgithub.com/Telmate/terraform-provider-proxmox/v2/proxmox/resource_vm_qemu.go:1024[0m[36m >[0m [1mReading configuration for vmid[0m [36mloggerName=[0mresource_vm_read [36mvmid=[0m311
[90mMon, 29 Jun 2026 23:06:35 +0200[0m [32mINF[0m [1mgithub.com/Telmate/terraform-provider-proxmox/v2/proxmox/util.go:188[0m[36m >[0m [1mLogging Started. Root Logger Set to level info[0m
[90mMon, 29 Jun 2026 23:06:36 +0200[0m [32mINF[0m [1mgithub.com/Telmate/terraform-provider-proxmox/v2/proxmox/resource_vm_qemu.go:567[0m[36m >[0m [1mVM creation[0m [36mloggerName=[0mresource_vm_create [36mvmid=[0m
[90mMon, 29 Jun 2026 23:06:36 +0200[0m [32mINF[0m [1mgithub.com/Telmate/terraform-provider-proxmox/v2/proxmox/resource_vm_qemu.go:567[0m[36m >[0m [1mVM creation[0m [36mloggerName=[0mresource_vm_create [36mvmid=[0m
[90mMon, 29 Jun 2026 23:06:38 +0200[0m [32mINF[0m [1mgithub.com/Telmate/terraform-provider-proxmox/v2/proxmox/resource_vm_qemu.go:567[0m[36m >[0m [1mVM creation[0m [36mloggerName=[0mresource_vm_create [36mvmid=[0m
[90mMon, 29 Jun 2026 23:07:26 +0200[0m [32mINF[0m [1mgithub.com/Telmate/terraform-provider-proxmox/v2/proxmox/resource_vm_qemu.go:1024[0m[36m >[0m [1mReading configuration for vmid[0m [36mloggerName=[0mresource_vm_read [36mvmid=[0m302
[90mMon, 29 Jun 2026 23:07:26 +0200[0m [32mINF[0m [1mgithub.com/Telmate/terraform-provider-proxmox/v2/proxmox/resource_vm_qemu.go:1390[0m[36m >[0m [1mtrying to get vm ip address for provisioner[0m [36mloggerName=[0minitConnInfo [36mvmid=[0m302
[90mMon, 29 Jun 2026 23:07:26 +0200[0m [32mINF[0m [1mgithub.com/Telmate/terraform-provider-proxmox/v2/proxmox/resource_vm_qemu.go:811[0m[36m >[0m [1mStarting update of the VM resource[0m [36mloggerName=[0mresource_vm_update [36mvmid=[0m301
[90mMon, 29 Jun 2026 23:07:28 +0200[0m [32mINF[0m [1mgithub.com/Telmate/terraform-provider-proxmox/v2/proxmox/resource_vm_qemu.go:1024[0m[36m >[0m [1mReading configuration for vmid[0m [36mloggerName=[0mresource_vm_read [36mvmid=[0m301
[90mMon, 29 Jun 2026 23:07:28 +0200[0m [32mINF[0m [1mgithub.com/Telmate/terraform-provider-proxmox/v2/proxmox/resource_vm_qemu.go:1390[0m[36m >[0m [1mtrying to get vm ip address for provisioner[0m [36mloggerName=[0minitConnInfo [36mvmid=[0m301
[90mMon, 29 Jun 2026 23:08:16 +0200[0m [32mINF[0m [1mgithub.com/Telmate/terraform-provider-proxmox/v2/proxmox/resource_vm_qemu.go:1024[0m[36m >[0m [1mReading configuration for vmid[0m [36mloggerName=[0mresource_vm_read [36mvmid=[0m300
[90mMon, 29 Jun 2026 23:08:16 +0200[0m [32mINF[0m [1mgithub.com/Telmate/terraform-provider-proxmox/v2/proxmox/resource_vm_qemu.go:1390[0m[36m >[0m [1mtrying to get vm ip address for provisioner[0m [36mloggerName=[0minitConnInfo [36mvmid=[0m300
[90mMon, 29 Jun 2026 23:08:54 +0200[0m [32mINF[0m [1mgithub.com/Telmate/terraform-provider-proxmox/v2/proxmox/util.go:188[0m[36m >[0m [1mLogging Started. Root Logger Set to level info[0m
[90mMon, 29 Jun 2026 23:08:54 +0200[0m [32mINF[0m [1mgithub.com/Telmate/terraform-provider-proxmox/v2/proxmox/resource_vm_qemu.go:1024[0m[36m >[0m [1mReading configuration for vmid[0m [36mloggerName=[0mresource_vm_read [36mvmid=[0m302
[90mMon, 29 Jun 2026 23:08:54 +0200[0m [32mINF[0m [1mgithub.com/Telmate/terraform-provider-proxmox/v2/proxmox/resource_vm_qemu.go:1024[0m[36m >[0m [1mReading configuration for vmid[0m [36mloggerName=[0mresource_vm_read [36mvmid=[0m300
[90mMon, 29 Jun 2026 23:08:54 +0200[0m [32mINF[0m [1mgithub.com/Telmate/terraform-provider-proxmox/v2/proxmox/resource_vm_qemu.go:1024[0m[36m >[0m [1mReading configuration for vmid[0m [36mloggerName=[0mresource_vm_read [36mvmid=[0m301
[90mMon, 29 Jun 2026 23:08:55 +0200[0m [32mINF[0m [1mgithub.com/Telmate/terraform-provider-proxmox/v2/proxmox/util.go:188[0m[36m >[0m [1mLogging Started. Root Logger Set to level info[0m
[90mMon, 29 Jun 2026 23:08:57 +0200[0m [32mINF[0m [1mgithub.com/Telmate/terraform-provider-proxmox/v2/proxmox/util.go:188[0m[36m >[0m [1mLogging Started. Root Logger Set to level info[0m
[90mMon, 29 Jun 2026 23:09:19 +0200[0m [32mINF[0m [1mgithub.com/Telmate/terraform-provider-proxmox/v2/proxmox/util.go:188[0m[36m >[0m [1mLogging Started. Root Logger Set to level info[0m
[90mMon, 29 Jun 2026 23:09:39 +0200[0m [32mINF[0m [1mgithub.com/Telmate/terraform-provider-proxmox/v2/proxmox/util.go:188[0m[36m >[0m [1mLogging Started. Root Logger Set to level info[0m
[90mMon, 29 Jun 2026 23:09:41 +0200[0m [32mINF[0m [1mgithub.com/Telmate/terraform-provider-proxmox/v2/proxmox/util.go:188[0m[36m >[0m [1mLogging Started. Root Logger Set to level info[0m
[90mMon, 29 Jun 2026 23:09:41 +0200[0m [32mINF[0m [1mgithub.com/Telmate/terraform-provider-proxmox/v2/proxmox/resource_vm_qemu.go:567[0m[36m >[0m [1mVM creation[0m [36mloggerName=[0mresource_vm_create [36mvmid=[0m
[90mMon, 29 Jun 2026 23:09:41 +0200[0m [32mINF[0m [1mgithub.com/Telmate/terraform-provider-proxmox/v2/proxmox/resource_vm_qemu.go:567[0m[36m >[0m [1mVM creation[0m [36mloggerName=[0mresource_vm_create [36mvmid=[0m
[90mMon, 29 Jun 2026 23:09:41 +0200[0m [32mINF[0m [1mgithub.com/Telmate/terraform-provider-proxmox/v2/proxmox/resource_vm_qemu.go:567[0m[36m >[0m [1mVM creation[0m [36mloggerName=[0mresource_vm_create [36mvmid=[0m
[90mMon, 29 Jun 2026 23:09:41 +0200[0m [32mINF[0m [1mgithub.com/Telmate/terraform-provider-proxmox/v2/proxmox/resource_vm_qemu.go:567[0m[36m >[0m [1mVM creation[0m [36mloggerName=[0mresource_vm_create [36mvmid=[0m
[90mMon, 29 Jun 2026 23:10:33 +0200[0m [32mINF[0m [1mgithub.com/Telmate/terraform-provider-proxmox/v2/proxmox/resource_vm_qemu.go:1024[0m[36m >[0m [1mReading configuration for vmid[0m [36mloggerName=[0mresource_vm_read [36mvmid=[0m311
[90mMon, 29 Jun 2026 23:10:33 +0200[0m [32mINF[0m [1mgithub.com/Telmate/terraform-provider-proxmox/v2/proxmox/resource_vm_qemu.go:1390[0m[36m >[0m [1mtrying to get vm ip address for provisioner[0m [36mloggerName=[0minitConnInfo [36mvmid=[0m311
[90mMon, 29 Jun 2026 23:13:09 +0200[0m [32mINF[0m [1mgithub.com/Telmate/terraform-provider-proxmox/v2/proxmox/util.go:188[0m[36m >[0m [1mLogging Started. Root Logger Set to level info[0m
[90mMon, 29 Jun 2026 23:13:09 +0200[0m [32mINF[0m [1mgithub.com/Telmate/terraform-provider-proxmox/v2/proxmox/resource_vm_qemu.go:1024[0m[36m >[0m [1mReading configuration for vmid[0m [36mloggerName=[0mresource_vm_read [36mvmid=[0m300
[90mMon, 29 Jun 2026 23:13:09 +0200[0m [32mINF[0m [1mgithub.com/Telmate/terraform-provider-proxmox/v2/proxmox/resource_vm_qemu.go:1024[0m[36m >[0m [1mReading configuration for vmid[0m [36mloggerName=[0mresource_vm_read [36mvmid=[0m302
[90mMon, 29 Jun 2026 23:13:09 +0200[0m [32mINF[0m [1mgithub.com/Telmate/terraform-provider-proxmox/v2/proxmox/resource_vm_qemu.go:1024[0m[36m >[0m [1mReading configuration for vmid[0m [36mloggerName=[0mresource_vm_read [36mvmid=[0m311
[90mMon, 29 Jun 2026 23:13:09 +0200[0m [32mINF[0m [1mgithub.com/Telmate/terraform-provider-proxmox/v2/proxmox/resource_vm_qemu.go:1024[0m[36m >[0m [1mReading configuration for vmid[0m [36mloggerName=[0mresource_vm_read [36mvmid=[0m301
[90mMon, 29 Jun 2026 23:13:10 +0200[0m [32mINF[0m [1mgithub.com/Telmate/terraform-provider-proxmox/v2/proxmox/util.go:188[0m[36m >[0m [1mLogging Started. Root Logger Set to level info[0m
[90mMon, 29 Jun 2026 23:13:15 +0200[0m [32mINF[0m [1mgithub.com/Telmate/terraform-provider-proxmox/v2/proxmox/util.go:188[0m[36m >[0m [1mLogging Started. Root Logger Set to level info[0m
[90mMon, 29 Jun 2026 23:13:15 +0200[0m [32mINF[0m [1mgithub.com/Telmate/terraform-provider-proxmox/v2/proxmox/resource_vm_qemu.go:1024[0m[36m >[0m [1mReading configuration for vmid[0m [36mloggerName=[0mresource_vm_read [36mvmid=[0m302
[90mMon, 29 Jun 2026 23:13:15 +0200[0m [32mINF[0m [1mgithub.com/Telmate/terraform-provider-proxmox/v2/proxmox/resource_vm_qemu.go:1024[0m[36m >[0m [1mReading configuration for vmid[0m [36mloggerName=[0mresource_vm_read [36mvmid=[0m300
[90mMon, 29 Jun 2026 23:13:16 +0200[0m [32mINF[0m [1mgithub.com/Telmate/terraform-provider-proxmox/v2/proxmox/resource_vm_qemu.go:1024[0m[36m >[0m [1mReading configuration for vmid[0m [36mloggerName=[0mresource_vm_read [36mvmid=[0m311
[90mMon, 29 Jun 2026 23:13:16 +0200[0m [32mINF[0m [1mgithub.com/Telmate/terraform-provider-proxmox/v2/proxmox/resource_vm_qemu.go:1024[0m[36m >[0m [1mReading configuration for vmid[0m [36mloggerName=[0mresource_vm_read [36mvmid=[0m301
[90mMon, 29 Jun 2026 23:13:16 +0200[0m [32mINF[0m [1mgithub.com/Telmate/terraform-provider-proxmox/v2/proxmox/util.go:188[0m[36m >[0m [1mLogging Started. Root Logger Set to level info[0m
[90mMon, 29 Jun 2026 23:13:18 +0200[0m [32mINF[0m [1mgithub.com/Telmate/terraform-provider-proxmox/v2/proxmox/util.go:188[0m[36m >[0m [1mLogging Started. Root Logger Set to level info[0m
[90mMon, 29 Jun 2026 23:13:30 +0200[0m [32mINF[0m [1mgithub.com/Telmate/terraform-provider-proxmox/v2/proxmox/util.go:188[0m[36m >[0m [1mLogging Started. Root Logger Set to level info[0m
[90mMon, 29 Jun 2026 23:13:32 +0200[0m [32mINF[0m [1mgithub.com/Telmate/terraform-provider-proxmox/v2/proxmox/util.go:188[0m[36m >[0m [1mLogging Started. Root Logger Set to level info[0m
[90mMon, 29 Jun 2026 23:13:32 +0200[0m [32mINF[0m [1mgithub.com/Telmate/terraform-provider-proxmox/v2/proxmox/resource_vm_qemu.go:567[0m[36m >[0m [1mVM creation[0m [36mloggerName=[0mresource_vm_create [36mvmid=[0m
[90mMon, 29 Jun 2026 23:13:32 +0200[0m [32mINF[0m [1mgithub.com/Telmate/terraform-provider-proxmox/v2/proxmox/resource_vm_qemu.go:567[0m[36m >[0m [1mVM creation[0m [36mloggerName=[0mresource_vm_create [36mvmid=[0m
[90mMon, 29 Jun 2026 23:13:32 +0200[0m [32mINF[0m [1mgithub.com/Telmate/terraform-provider-proxmox/v2/proxmox/resource_vm_qemu.go:567[0m[36m >[0m [1mVM creation[0m [36mloggerName=[0mresource_vm_create [36mvmid=[0m
[90mMon, 29 Jun 2026 23:13:32 +0200[0m [32mINF[0m [1mgithub.com/Telmate/terraform-provider-proxmox/v2/proxmox/resource_vm_qemu.go:567[0m[36m >[0m [1mVM creation[0m [36mloggerName=[0mresource_vm_create [36mvmid=[0m
[90mMon, 29 Jun 2026 23:14:18 +0200[0m [32mINF[0m [1mgithub.com/Telmate/terraform-provider-proxmox/v2/proxmox/resource_vm_qemu.go:1024[0m[36m >[0m [1mReading configuration for vmid[0m [36mloggerName=[0mresource_vm_read [36mvmid=[0m300
[90mMon, 29 Jun 2026 23:14:18 +0200[0m [32mINF[0m [1mgithub.com/Telmate/terraform-provider-proxmox/v2/proxmox/resource_vm_qemu.go:1390[0m[36m >[0m [1mtrying to get vm ip address for provisioner[0m [36mloggerName=[0minitConnInfo [36mvmid=[0m300
[90mMon, 29 Jun 2026 23:15:06 +0200[0m [32mINF[0m [1mgithub.com/Telmate/terraform-provider-proxmox/v2/proxmox/util.go:188[0m[36m >[0m [1mLogging Started. Root Logger Set to level info[0m
[90mMon, 29 Jun 2026 23:15:06 +0200[0m [32mINF[0m [1mgithub.com/Telmate/terraform-provider-proxmox/v2/proxmox/resource_vm_qemu.go:1024[0m[36m >[0m [1mReading configuration for vmid[0m [36mloggerName=[0mresource_vm_read [36mvmid=[0m300
[90mMon, 29 Jun 2026 23:15:07 +0200[0m [32mINF[0m [1mgithub.com/Telmate/terraform-provider-proxmox/v2/proxmox/util.go:188[0m[36m >[0m [1mLogging Started. Root Logger Set to level info[0m
[90mMon, 29 Jun 2026 23:15:09 +0200[0m [32mINF[0m [1mgithub.com/Telmate/terraform-provider-proxmox/v2/proxmox/util.go:188[0m[36m >[0m [1mLogging Started. Root Logger Set to level info[0m
[90mMon, 29 Jun 2026 23:19:03 +0200[0m [32mINF[0m [1mgithub.com/Telmate/terraform-provider-proxmox/v2/proxmox/util.go:188[0m[36m >[0m [1mLogging Started. Root Logger Set to level info[0m
[90mMon, 29 Jun 2026 23:19:06 +0200[0m [32mINF[0m [1mgithub.com/Telmate/terraform-provider-proxmox/v2/proxmox/util.go:188[0m[36m >[0m [1mLogging Started. Root Logger Set to level info[0m
[90mMon, 29 Jun 2026 23:19:07 +0200[0m [32mINF[0m [1mgithub.com/Telmate/terraform-provider-proxmox/v2/proxmox/resource_vm_qemu.go:567[0m[36m >[0m [1mVM creation[0m [36mloggerName=[0mresource_vm_create [36mvmid=[0m
[90mMon, 29 Jun 2026 23:19:07 +0200[0m [32mINF[0m [1mgithub.com/Telmate/terraform-provider-proxmox/v2/proxmox/resource_vm_qemu.go:567[0m[36m >[0m [1mVM creation[0m [36mloggerName=[0mresource_vm_create [36mvmid=[0m
[90mMon, 29 Jun 2026 23:19:07 +0200[0m [32mINF[0m [1mgithub.com/Telmate/terraform-provider-proxmox/v2/proxmox/resource_vm_qemu.go:567[0m[36m >[0m [1mVM creation[0m [36mloggerName=[0mresource_vm_create [36mvmid=[0m
[90mMon, 29 Jun 2026 23:19:07 +0200[0m [32mINF[0m [1mgithub.com/Telmate/terraform-provider-proxmox/v2/proxmox/resource_vm_qemu.go:567[0m[36m >[0m [1mVM creation[0m [36mloggerName=[0mresource_vm_create [36mvmid=[0m
[90mMon, 29 Jun 2026 23:19:57 +0200[0m [32mINF[0m [1mgithub.com/Telmate/terraform-provider-proxmox/v2/proxmox/resource_vm_qemu.go:1024[0m[36m >[0m [1mReading configuration for vmid[0m [36mloggerName=[0mresource_vm_read [36mvmid=[0m311
[90mMon, 29 Jun 2026 23:19:57 +0200[0m [32mINF[0m [1mgithub.com/Telmate/terraform-provider-proxmox/v2/proxmox/resource_vm_qemu.go:1390[0m[36m >[0m [1mtrying to get vm ip address for provisioner[0m [36mloggerName=[0minitConnInfo [36mvmid=[0m311
[90mMon, 29 Jun 2026 23:27:23 +0200[0m [32mINF[0m [1mgithub.com/Telmate/terraform-provider-proxmox/v2/proxmox/util.go:188[0m[36m >[0m [1mLogging Started. Root Logger Set to level info[0m
[90mMon, 29 Jun 2026 23:27:23 +0200[0m [32mINF[0m [1mgithub.com/Telmate/terraform-provider-proxmox/v2/proxmox/resource_vm_qemu.go:1024[0m[36m >[0m [1mReading configuration for vmid[0m [36mloggerName=[0mresource_vm_read [36mvmid=[0m302
[90mMon, 29 Jun 2026 23:27:23 +0200[0m [32mINF[0m [1mgithub.com/Telmate/terraform-provider-proxmox/v2/proxmox/resource_vm_qemu.go:1024[0m[36m >[0m [1mReading configuration for vmid[0m [36mloggerName=[0mresource_vm_read [36mvmid=[0m311
[90mMon, 29 Jun 2026 23:27:23 +0200[0m [32mINF[0m [1mgithub.com/Telmate/terraform-provider-proxmox/v2/proxmox/resource_vm_qemu.go:1024[0m[36m >[0m [1mReading configuration for vmid[0m [36mloggerName=[0mresource_vm_read [36mvmid=[0m300
[90mMon, 29 Jun 2026 23:27:23 +0200[0m [32mINF[0m [1mgithub.com/Telmate/terraform-provider-proxmox/v2/proxmox/resource_vm_qemu.go:1024[0m[36m >[0m [1mReading configuration for vmid[0m [36mloggerName=[0mresource_vm_read [36mvmid=[0m301
[90mMon, 29 Jun 2026 23:27:24 +0200[0m [32mINF[0m [1mgithub.com/Telmate/terraform-provider-proxmox/v2/proxmox/util.go:188[0m[36m >[0m [1mLogging Started. Root Logger Set to level info[0m
[90mMon, 29 Jun 2026 23:27:25 +0200[0m [32mINF[0m [1mgithub.com/Telmate/terraform-provider-proxmox/v2/proxmox/util.go:188[0m[36m >[0m [1mLogging Started. Root Logger Set to level info[0m
[90mMon, 29 Jun 2026 23:28:19 +0200[0m [32mINF[0m [1mgithub.com/Telmate/terraform-provider-proxmox/v2/proxmox/util.go:188[0m[36m >[0m [1mLogging Started. Root Logger Set to level info[0m
[90mMon, 29 Jun 2026 23:28:21 +0200[0m [32mINF[0m [1mgithub.com/Telmate/terraform-provider-proxmox/v2/proxmox/util.go:188[0m[36m >[0m [1mLogging Started. Root Logger Set to level info[0m
[90mMon, 29 Jun 2026 23:28:22 +0200[0m [32mINF[0m [1mgithub.com/Telmate/terraform-provider-proxmox/v2/proxmox/resource_vm_qemu.go:567[0m[36m >[0m [1mVM creation[0m [36mloggerName=[0mresource_vm_create [36mvmid=[0m
[90mMon, 29 Jun 2026 23:28:22 +0200[0m [32mINF[0m [1mgithub.com/Telmate/terraform-provider-proxmox/v2/proxmox/resource_vm_qemu.go:567[0m[36m >[0m [1mVM creation[0m [36mloggerName=[0mresource_vm_create [36mvmid=[0m
[90mMon, 29 Jun 2026 23:28:22 +0200[0m [32mINF[0m [1mgithub.com/Telmate/terraform-provider-proxmox/v2/proxmox/resource_vm_qemu.go:567[0m[36m >[0m [1mVM creation[0m [36mloggerName=[0mresource_vm_create [36mvmid=[0m
[90mMon, 29 Jun 2026 23:28:22 +0200[0m [32mINF[0m [1mgithub.com/Telmate/terraform-provider-proxmox/v2/proxmox/resource_vm_qemu.go:567[0m[36m >[0m [1mVM creation[0m [36mloggerName=[0mresource_vm_create [36mvmid=[0m
[90mMon, 29 Jun 2026 23:29:11 +0200[0m [32mINF[0m [1mgithub.com/Telmate/terraform-provider-proxmox/v2/proxmox/resource_vm_qemu.go:1024[0m[36m >[0m [1mReading configuration for vmid[0m [36mloggerName=[0mresource_vm_read [36mvmid=[0m311
[90mMon, 29 Jun 2026 23:29:11 +0200[0m [32mINF[0m [1mgithub.com/Telmate/terraform-provider-proxmox/v2/proxmox/resource_vm_qemu.go:1390[0m[36m >[0m [1mtrying to get vm ip address for provisioner[0m [36mloggerName=[0minitConnInfo [36mvmid=[0m311
[90mMon, 29 Jun 2026 23:31:36 +0200[0m [32mINF[0m [1mgithub.com/Telmate/terraform-provider-proxmox/v2/proxmox/resource_vm_qemu.go:1024[0m[36m >[0m [1mReading configuration for vmid[0m [36mloggerName=[0mresource_vm_read [36mvmid=[0m300
[90mMon, 29 Jun 2026 23:31:36 +0200[0m [32mINF[0m [1mgithub.com/Telmate/terraform-provider-proxmox/v2/proxmox/resource_vm_qemu.go:1390[0m[36m >[0m [1mtrying to get vm ip address for provisioner[0m [36mloggerName=[0minitConnInfo [36mvmid=[0m300
[90mMon, 29 Jun 2026 23:32:57 +0200[0m [32mINF[0m [1mgithub.com/Telmate/terraform-provider-proxmox/v2/proxmox/util.go:188[0m[36m >[0m [1mLogging Started. Root Logger Set to level info[0m
[90mMon, 29 Jun 2026 23:32:57 +0200[0m [32mINF[0m [1mgithub.com/Telmate/terraform-provider-proxmox/v2/proxmox/resource_vm_qemu.go:1024[0m[36m >[0m [1mReading configuration for vmid[0m [36mloggerName=[0mresource_vm_read [36mvmid=[0m311
[90mMon, 29 Jun 2026 23:32:57 +0200[0m [32mINF[0m [1mgithub.com/Telmate/terraform-provider-proxmox/v2/proxmox/resource_vm_qemu.go:1024[0m[36m >[0m [1mReading configuration for vmid[0m [36mloggerName=[0mresource_vm_read [36mvmid=[0m300
[90mMon, 29 Jun 2026 23:32:57 +0200[0m [32mINF[0m [1mgithub.com/Telmate/terraform-provider-proxmox/v2/proxmox/resource_vm_qemu.go:1390[0m[36m >[0m [1mtrying to get vm ip address for provisioner[0m [36mloggerName=[0minitConnInfo [36mvmid=[0m300
[90mMon, 29 Jun 2026 23:34:31 +0200[0m [32mINF[0m [1mgithub.com/Telmate/terraform-provider-proxmox/v2/proxmox/util.go:188[0m[36m >[0m [1mLogging Started. Root Logger Set to level info[0m
[90mMon, 29 Jun 2026 23:34:39 +0200[0m [32mINF[0m [1mgithub.com/Telmate/terraform-provider-proxmox/v2/proxmox/util.go:188[0m[36m >[0m [1mLogging Started. Root Logger Set to level info[0m
[90mMon, 29 Jun 2026 23:34:50 +0200[0m [32mINF[0m [1mgithub.com/Telmate/terraform-provider-proxmox/v2/proxmox/util.go:188[0m[36m >[0m [1mLogging Started. Root Logger Set to level info[0m
[90mMon, 29 Jun 2026 23:34:52 +0200[0m [32mINF[0m [1mgithub.com/Telmate/terraform-provider-proxmox/v2/proxmox/util.go:188[0m[36m >[0m [1mLogging Started. Root Logger Set to level info[0m
[90mMon, 29 Jun 2026 23:34:52 +0200[0m [32mINF[0m [1mgithub.com/Telmate/terraform-provider-proxmox/v2/proxmox/resource_vm_qemu.go:567[0m[36m >[0m [1mVM creation[0m [36mloggerName=[0mresource_vm_create [36mvmid=[0m
[90mMon, 29 Jun 2026 23:34:52 +0200[0m [32mINF[0m [1mgithub.com/Telmate/terraform-provider-proxmox/v2/proxmox/resource_vm_qemu.go:567[0m[36m >[0m [1mVM creation[0m [36mloggerName=[0mresource_vm_create [36mvmid=[0m
[90mMon, 29 Jun 2026 23:34:53 +0200[0m [32mINF[0m [1mgithub.com/Telmate/terraform-provider-proxmox/v2/proxmox/resource_vm_qemu.go:567[0m[36m >[0m [1mVM creation[0m [36mloggerName=[0mresource_vm_create [36mvmid=[0m
[90mMon, 29 Jun 2026 23:34:53 +0200[0m [32mINF[0m [1mgithub.com/Telmate/terraform-provider-proxmox/v2/proxmox/resource_vm_qemu.go:567[0m[36m >[0m [1mVM creation[0m [36mloggerName=[0mresource_vm_create [36mvmid=[0m
[90mMon, 29 Jun 2026 23:35:43 +0200[0m [32mINF[0m [1mgithub.com/Telmate/terraform-provider-proxmox/v2/proxmox/resource_vm_qemu.go:1024[0m[36m >[0m [1mReading configuration for vmid[0m [36mloggerName=[0mresource_vm_read [36mvmid=[0m301
[90mMon, 29 Jun 2026 23:35:43 +0200[0m [32mINF[0m [1mgithub.com/Telmate/terraform-provider-proxmox/v2/proxmox/resource_vm_qemu.go:1390[0m[36m >[0m [1mtrying to get vm ip address for provisioner[0m [36mloggerName=[0minitConnInfo [36mvmid=[0m301
[90mMon, 29 Jun 2026 23:38:04 +0200[0m [32mINF[0m [1mgithub.com/Telmate/terraform-provider-proxmox/v2/proxmox/resource_vm_qemu.go:1024[0m[36m >[0m [1mReading configuration for vmid[0m [36mloggerName=[0mresource_vm_read [36mvmid=[0m302
[90mMon, 29 Jun 2026 23:38:04 +0200[0m [32mINF[0m [1mgithub.com/Telmate/terraform-provider-proxmox/v2/proxmox/resource_vm_qemu.go:1390[0m[36m >[0m [1mtrying to get vm ip address for provisioner[0m [36mloggerName=[0minitConnInfo [36mvmid=[0m302
[90mMon, 29 Jun 2026 23:40:21 +0200[0m [32mINF[0m [1mgithub.com/Telmate/terraform-provider-proxmox/v2/proxmox/resource_vm_qemu.go:1024[0m[36m >[0m [1mReading configuration for vmid[0m [36mloggerName=[0mresource_vm_read [36mvmid=[0m311
[90mMon, 29 Jun 2026 23:40:21 +0200[0m [32mINF[0m [1mgithub.com/Telmate/terraform-provider-proxmox/v2/proxmox/resource_vm_qemu.go:1390[0m[36m >[0m [1mtrying to get vm ip address for provisioner[0m [36mloggerName=[0minitConnInfo [36mvmid=[0m311
[90mMon, 29 Jun 2026 23:42:50 +0200[0m [32mINF[0m [1mgithub.com/Telmate/terraform-provider-proxmox/v2/proxmox/resource_vm_qemu.go:1024[0m[36m >[0m [1mReading configuration for vmid[0m [36mloggerName=[0mresource_vm_read [36mvmid=[0m300
[90mMon, 29 Jun 2026 23:42:50 +0200[0m [32mINF[0m [1mgithub.com/Telmate/terraform-provider-proxmox/v2/proxmox/resource_vm_qemu.go:1390[0m[36m >[0m [1mtrying to get vm ip address for provisioner[0m [36mloggerName=[0minitConnInfo [36mvmid=[0m300
[90mMon, 29 Jun 2026 23:51:17 +0200[0m [32mINF[0m [1mgithub.com/Telmate/terraform-provider-proxmox/v2/proxmox/util.go:188[0m[36m >[0m [1mLogging Started. Root Logger Set to level info[0m
[90mMon, 29 Jun 2026 23:51:17 +0200[0m [32mINF[0m [1mgithub.com/Telmate/terraform-provider-proxmox/v2/proxmox/resource_vm_qemu.go:1024[0m[36m >[0m [1mReading configuration for vmid[0m [36mloggerName=[0mresource_vm_read [36mvmid=[0m301
[90mMon, 29 Jun 2026 23:51:17 +0200[0m [32mINF[0m [1mgithub.com/Telmate/terraform-provider-proxmox/v2/proxmox/resource_vm_qemu.go:1390[0m[36m >[0m [1mtrying to get vm ip address for provisioner[0m [36mloggerName=[0minitConnInfo [36mvmid=[0m301
[90mMon, 29 Jun 2026 23:52:51 +0200[0m [32mINF[0m [1mgithub.com/Telmate/terraform-provider-proxmox/v2/proxmox/resource_vm_qemu.go:1024[0m[36m >[0m [1mReading configuration for vmid[0m [36mloggerName=[0mresource_vm_read [36mvmid=[0m300
[90mMon, 29 Jun 2026 23:52:51 +0200[0m [32mINF[0m [1mgithub.com/Telmate/terraform-provider-proxmox/v2/proxmox/resource_vm_qemu.go:1390[0m[36m >[0m [1mtrying to get vm ip address for provisioner[0m [36mloggerName=[0minitConnInfo [36mvmid=[0m300
[90mMon, 29 Jun 2026 23:54:25 +0200[0m [32mINF[0m [1mgithub.com/Telmate/terraform-provider-proxmox/v2/proxmox/resource_vm_qemu.go:1024[0m[36m >[0m [1mReading configuration for vmid[0m [36mloggerName=[0mresource_vm_read [36mvmid=[0m302
[90mMon, 29 Jun 2026 23:54:25 +0200[0m [32mINF[0m [1mgithub.com/Telmate/terraform-provider-proxmox/v2/proxmox/resource_vm_qemu.go:1390[0m[36m >[0m [1mtrying to get vm ip address for provisioner[0m [36mloggerName=[0minitConnInfo [36mvmid=[0m302
[90mMon, 29 Jun 2026 23:55:59 +0200[0m [32mINF[0m [1mgithub.com/Telmate/terraform-provider-proxmox/v2/proxmox/resource_vm_qemu.go:1024[0m[36m >[0m [1mReading configuration for vmid[0m [36mloggerName=[0mresource_vm_read [36mvmid=[0m311
[90mMon, 29 Jun 2026 23:55:59 +0200[0m [32mINF[0m [1mgithub.com/Telmate/terraform-provider-proxmox/v2/proxmox/resource_vm_qemu.go:1390[0m[36m >[0m [1mtrying to get vm ip address for provisioner[0m [36mloggerName=[0minitConnInfo [36mvmid=[0m311
[90mMon, 29 Jun 2026 23:57:36 +0200[0m [32mINF[0m [1mgithub.com/Telmate/terraform-provider-proxmox/v2/proxmox/util.go:188[0m[36m >[0m [1mLogging Started. Root Logger Set to level info[0m
[90mTue, 30 Jun 2026 00:16:03 +0200[0m [32mINF[0m [1mgithub.com/Telmate/terraform-provider-proxmox/v2/proxmox/util.go:188[0m[36m >[0m [1mLogging Started. Root Logger Set to level info[0m
[90mTue, 30 Jun 2026 00:16:04 +0200[0m [32mINF[0m [1mgithub.com/Telmate/terraform-provider-proxmox/v2/proxmox/resource_vm_qemu.go:1024[0m[36m >[0m [1mReading configuration for vmid[0m [36mloggerName=[0mresource_vm_read [36mvmid=[0m302
[90mTue, 30 Jun 2026 00:16:04 +0200[0m [32mINF[0m [1mgithub.com/Telmate/terraform-provider-proxmox/v2/proxmox/resource_vm_qemu.go:1390[0m[36m >[0m [1mtrying to get vm ip address for provisioner[0m [36mloggerName=[0minitConnInfo [36mvmid=[0m302
[90mTue, 30 Jun 2026 00:16:37 +0200[0m [32mINF[0m [1mgithub.com/Telmate/terraform-provider-proxmox/v2/proxmox/resource_vm_qemu.go:1024[0m[36m >[0m [1mReading configuration for vmid[0m [36mloggerName=[0mresource_vm_read [36mvmid=[0m311
[90mTue, 30 Jun 2026 00:16:37 +0200[0m [32mINF[0m [1mgithub.com/Telmate/terraform-provider-proxmox/v2/proxmox/resource_vm_qemu.go:1390[0m[36m >[0m [1mtrying to get vm ip address for provisioner[0m [36mloggerName=[0minitConnInfo [36mvmid=[0m311
[90mTue, 30 Jun 2026 00:16:53 +0200[0m [32mINF[0m [1mgithub.com/Telmate/terraform-provider-proxmox/v2/proxmox/resource_vm_qemu.go:1024[0m[36m >[0m [1mReading configuration for vmid[0m [36mloggerName=[0mresource_vm_read [36mvmid=[0m301
[90mTue, 30 Jun 2026 00:16:53 +0200[0m [32mINF[0m [1mgithub.com/Telmate/terraform-provider-proxmox/v2/proxmox/resource_vm_qemu.go:1024[0m[36m >[0m [1mReading configuration for vmid[0m [36mloggerName=[0mresource_vm_read [36mvmid=[0m300
[90mTue, 30 Jun 2026 00:17:08 +0200[0m [32mINF[0m [1mgithub.com/Telmate/terraform-provider-proxmox/v2/proxmox/util.go:188[0m[36m >[0m [1mLogging Started. Root Logger Set to level info[0m
[90mTue, 30 Jun 2026 00:17:08 +0200[0m [32mINF[0m [1mgithub.com/Telmate/terraform-provider-proxmox/v2/proxmox/resource_vm_qemu.go:1024[0m[36m >[0m [1mReading configuration for vmid[0m [36mloggerName=[0mresource_vm_read [36mvmid=[0m302
[90mTue, 30 Jun 2026 00:17:08 +0200[0m [32mINF[0m [1mgithub.com/Telmate/terraform-provider-proxmox/v2/proxmox/resource_vm_qemu.go:1024[0m[36m >[0m [1mReading configuration for vmid[0m [36mloggerName=[0mresource_vm_read [36mvmid=[0m301
[90mTue, 30 Jun 2026 00:17:08 +0200[0m [32mINF[0m [1mgithub.com/Telmate/terraform-provider-proxmox/v2/proxmox/resource_vm_qemu.go:1024[0m[36m >[0m [1mReading configuration for vmid[0m [36mloggerName=[0mresource_vm_read [36mvmid=[0m300
[90mTue, 30 Jun 2026 00:17:09 +0200[0m [32mINF[0m [1mgithub.com/Telmate/terraform-provider-proxmox/v2/proxmox/resource_vm_qemu.go:1024[0m[36m >[0m [1mReading configuration for vmid[0m [36mloggerName=[0mresource_vm_read [36mvmid=[0m311
[90mTue, 30 Jun 2026 00:17:09 +0200[0m [32mINF[0m [1mgithub.com/Telmate/terraform-provider-proxmox/v2/proxmox/util.go:188[0m[36m >[0m [1mLogging Started. Root Logger Set to level info[0m
[90mTue, 30 Jun 2026 00:17:10 +0200[0m [32mINF[0m [1mgithub.com/Telmate/terraform-provider-proxmox/v2/proxmox/util.go:188[0m[36m >[0m [1mLogging Started. Root Logger Set to level info[0m
[90mTue, 30 Jun 2026 00:17:26 +0200[0m [32mINF[0m [1mgithub.com/Telmate/terraform-provider-proxmox/v2/proxmox/util.go:188[0m[36m >[0m [1mLogging Started. Root Logger Set to level info[0m
[90mTue, 30 Jun 2026 00:17:28 +0200[0m [32mINF[0m [1mgithub.com/Telmate/terraform-provider-proxmox/v2/proxmox/util.go:188[0m[36m >[0m [1mLogging Started. Root Logger Set to level info[0m
[90mTue, 30 Jun 2026 00:17:28 +0200[0m [32mINF[0m [1mgithub.com/Telmate/terraform-provider-proxmox/v2/proxmox/resource_vm_qemu.go:567[0m[36m >[0m [1mVM creation[0m [36mloggerName=[0mresource_vm_create [36mvmid=[0m
[90mTue, 30 Jun 2026 00:17:28 +0200[0m [32mINF[0m [1mgithub.com/Telmate/terraform-provider-proxmox/v2/proxmox/resource_vm_qemu.go:567[0m[36m >[0m [1mVM creation[0m [36mloggerName=[0mresource_vm_create [36mvmid=[0m
[90mTue, 30 Jun 2026 00:17:28 +0200[0m [32mINF[0m [1mgithub.com/Telmate/terraform-provider-proxmox/v2/proxmox/resource_vm_qemu.go:567[0m[36m >[0m [1mVM creation[0m [36mloggerName=[0mresource_vm_create [36mvmid=[0m
[90mTue, 30 Jun 2026 00:17:28 +0200[0m [32mINF[0m [1mgithub.com/Telmate/terraform-provider-proxmox/v2/proxmox/resource_vm_qemu.go:567[0m[36m >[0m [1mVM creation[0m [36mloggerName=[0mresource_vm_create [36mvmid=[0m
[90mTue, 30 Jun 2026 00:26:42 +0200[0m [32mINF[0m [1mgithub.com/Telmate/terraform-provider-proxmox/v2/proxmox/util.go:188[0m[36m >[0m [1mLogging Started. Root Logger Set to level info[0m
[90mTue, 30 Jun 2026 00:26:42 +0200[0m [32mINF[0m [1mgithub.com/Telmate/terraform-provider-proxmox/v2/proxmox/resource_vm_qemu.go:1024[0m[36m >[0m [1mReading configuration for vmid[0m [36mloggerName=[0mresource_vm_read [36mvmid=[0m301
[90mTue, 30 Jun 2026 00:26:42 +0200[0m [32mINF[0m [1mgithub.com/Telmate/terraform-provider-proxmox/v2/proxmox/resource_vm_qemu.go:1024[0m[36m >[0m [1mReading configuration for vmid[0m [36mloggerName=[0mresource_vm_read [36mvmid=[0m300
[90mTue, 30 Jun 2026 00:26:42 +0200[0m [32mINF[0m [1mgithub.com/Telmate/terraform-provider-proxmox/v2/proxmox/resource_vm_qemu.go:1024[0m[36m >[0m [1mReading configuration for vmid[0m [36mloggerName=[0mresource_vm_read [36mvmid=[0m302
[90mTue, 30 Jun 2026 00:26:43 +0200[0m [32mINF[0m [1mgithub.com/Telmate/terraform-provider-proxmox/v2/proxmox/resource_vm_qemu.go:1024[0m[36m >[0m [1mReading configuration for vmid[0m [36mloggerName=[0mresource_vm_read [36mvmid=[0m311
[90mTue, 30 Jun 2026 00:26:45 +0200[0m [32mINF[0m [1mgithub.com/Telmate/terraform-provider-proxmox/v2/proxmox/util.go:188[0m[36m >[0m [1mLogging Started. Root Logger Set to level info[0m
[90mTue, 30 Jun 2026 00:26:48 +0200[0m [32mINF[0m [1mgithub.com/Telmate/terraform-provider-proxmox/v2/proxmox/resource_vm_qemu.go:567[0m[36m >[0m [1mVM creation[0m [36mloggerName=[0mresource_vm_create [36mvmid=[0m
[90mTue, 30 Jun 2026 00:26:50 +0200[0m [32mINF[0m [1mgithub.com/Telmate/terraform-provider-proxmox/v2/proxmox/resource_vm_qemu.go:567[0m[36m >[0m [1mVM creation[0m [36mloggerName=[0mresource_vm_create [36mvmid=[0m
[90mTue, 30 Jun 2026 00:26:52 +0200[0m [32mINF[0m [1mgithub.com/Telmate/terraform-provider-proxmox/v2/proxmox/resource_vm_qemu.go:567[0m[36m >[0m [1mVM creation[0m [36mloggerName=[0mresource_vm_create [36mvmid=[0m
[90mTue, 30 Jun 2026 00:26:54 +0200[0m [32mINF[0m [1mgithub.com/Telmate/terraform-provider-proxmox/v2/proxmox/resource_vm_qemu.go:567[0m[36m >[0m [1mVM creation[0m [36mloggerName=[0mresource_vm_create [36mvmid=[0m
[90mTue, 30 Jun 2026 08:03:16 +0200[0m [32mINF[0m [1mgithub.com/Telmate/terraform-provider-proxmox/v2/proxmox/util.go:188[0m[36m >[0m [1mLogging Started. Root Logger Set to level info[0m
[90mTue, 30 Jun 2026 08:03:16 +0200[0m [32mINF[0m [1mgithub.com/Telmate/terraform-provider-proxmox/v2/proxmox/resource_vm_qemu.go:1024[0m[36m >[0m [1mReading configuration for vmid[0m [36mloggerName=[0mresource_vm_read [36mvmid=[0m302
[90mTue, 30 Jun 2026 08:03:16 +0200[0m [32mINF[0m [1mgithub.com/Telmate/terraform-provider-proxmox/v2/proxmox/resource_vm_qemu.go:1024[0m[36m >[0m [1mReading configuration for vmid[0m [36mloggerName=[0mresource_vm_read [36mvmid=[0m301
[90mTue, 30 Jun 2026 08:03:16 +0200[0m [32mINF[0m [1mgithub.com/Telmate/terraform-provider-proxmox/v2/proxmox/resource_vm_qemu.go:1024[0m[36m >[0m [1mReading configuration for vmid[0m [36mloggerName=[0mresource_vm_read [36mvmid=[0m300
[90mTue, 30 Jun 2026 08:03:16 +0200[0m [32mINF[0m [1mgithub.com/Telmate/terraform-provider-proxmox/v2/proxmox/resource_vm_qemu.go:1024[0m[36m >[0m [1mReading configuration for vmid[0m [36mloggerName=[0mresource_vm_read [36mvmid=[0m311
[90mTue, 30 Jun 2026 08:03:19 +0200[0m [32mINF[0m [1mgithub.com/Telmate/terraform-provider-proxmox/v2/proxmox/util.go:188[0m[36m >[0m [1mLogging Started. Root Logger Set to level info[0m
[90mTue, 30 Jun 2026 08:03:21 +0200[0m [32mINF[0m [1mgithub.com/Telmate/terraform-provider-proxmox/v2/proxmox/resource_vm_qemu.go:567[0m[36m >[0m [1mVM creation[0m [36mloggerName=[0mresource_vm_create [36mvmid=[0m
[90mTue, 30 Jun 2026 08:03:23 +0200[0m [32mINF[0m [1mgithub.com/Telmate/terraform-provider-proxmox/v2/proxmox/resource_vm_qemu.go:567[0m[36m >[0m [1mVM creation[0m [36mloggerName=[0mresource_vm_create [36mvmid=[0m
[90mTue, 30 Jun 2026 08:03:25 +0200[0m [32mINF[0m [1mgithub.com/Telmate/terraform-provider-proxmox/v2/proxmox/resource_vm_qemu.go:567[0m[36m >[0m [1mVM creation[0m [36mloggerName=[0mresource_vm_create [36mvmid=[0m
[90mTue, 30 Jun 2026 08:03:27 +0200[0m [32mINF[0m [1mgithub.com/Telmate/terraform-provider-proxmox/v2/proxmox/resource_vm_qemu.go:567[0m[36m >[0m [1mVM creation[0m [36mloggerName=[0mresource_vm_create [36mvmid=[0m
[90mTue, 30 Jun 2026 08:03:57 +0200[0m [32mINF[0m [1mgithub.com/Telmate/terraform-provider-proxmox/v2/proxmox/util.go:188[0m[36m >[0m [1mLogging Started. Root Logger Set to level info[0m
[90mTue, 30 Jun 2026 08:04:00 +0200[0m [32mINF[0m [1mgithub.com/Telmate/terraform-provider-proxmox/v2/proxmox/util.go:188[0m[36m >[0m [1mLogging Started. Root Logger Set to level info[0m
[90mTue, 30 Jun 2026 08:04:00 +0200[0m [32mINF[0m [1mgithub.com/Telmate/terraform-provider-proxmox/v2/proxmox/resource_vm_qemu.go:567[0m[36m >[0m [1mVM creation[0m [36mloggerName=[0mresource_vm_create [36mvmid=[0m
[90mTue, 30 Jun 2026 08:04:00 +0200[0m [32mINF[0m [1mgithub.com/Telmate/terraform-provider-proxmox/v2/proxmox/resource_vm_qemu.go:567[0m[36m >[0m [1mVM creation[0m [36mloggerName=[0mresource_vm_create [36mvmid=[0m
[90mTue, 30 Jun 2026 08:04:00 +0200[0m [32mINF[0m [1mgithub.com/Telmate/terraform-provider-proxmox/v2/proxmox/resource_vm_qemu.go:567[0m[36m >[0m [1mVM creation[0m [36mloggerName=[0mresource_vm_create [36mvmid=[0m
[90mTue, 30 Jun 2026 08:04:00 +0200[0m [32mINF[0m [1mgithub.com/Telmate/terraform-provider-proxmox/v2/proxmox/resource_vm_qemu.go:567[0m[36m >[0m [1mVM creation[0m [36mloggerName=[0mresource_vm_create [36mvmid=[0m
[90mTue, 30 Jun 2026 08:04:51 +0200[0m [32mINF[0m [1mgithub.com/Telmate/terraform-provider-proxmox/v2/proxmox/resource_vm_qemu.go:1024[0m[36m >[0m [1mReading configuration for vmid[0m [36mloggerName=[0mresource_vm_read [36mvmid=[0m301
[90mTue, 30 Jun 2026 08:04:51 +0200[0m [32mINF[0m [1mgithub.com/Telmate/terraform-provider-proxmox/v2/proxmox/resource_vm_qemu.go:1390[0m[36m >[0m [1mtrying to get vm ip address for provisioner[0m [36mloggerName=[0minitConnInfo [36mvmid=[0m301
[90mTue, 30 Jun 2026 08:05:43 +0200[0m [32mINF[0m [1mgithub.com/Telmate/terraform-provider-proxmox/v2/proxmox/resource_vm_qemu.go:1024[0m[36m >[0m [1mReading configuration for vmid[0m [36mloggerName=[0mresource_vm_read [36mvmid=[0m302
[90mTue, 30 Jun 2026 08:05:44 +0200[0m [32mINF[0m [1mgithub.com/Telmate/terraform-provider-proxmox/v2/proxmox/resource_vm_qemu.go:1390[0m[36m >[0m [1mtrying to get vm ip address for provisioner[0m [36mloggerName=[0minitConnInfo [36mvmid=[0m302
[90mTue, 30 Jun 2026 08:05:57 +0200[0m [32mINF[0m [1mgithub.com/Telmate/terraform-provider-proxmox/v2/proxmox/resource_vm_qemu.go:1024[0m[36m >[0m [1mReading configuration for vmid[0m [36mloggerName=[0mresource_vm_read [36mvmid=[0m300
[90mTue, 30 Jun 2026 08:05:57 +0200[0m [32mINF[0m [1mgithub.com/Telmate/terraform-provider-proxmox/v2/proxmox/resource_vm_qemu.go:1390[0m[36m >[0m [1mtrying to get vm ip address for provisioner[0m [36mloggerName=[0minitConnInfo [36mvmid=[0m300
[90mTue, 30 Jun 2026 08:06:53 +0200[0m [32mINF[0m [1mgithub.com/Telmate/terraform-provider-proxmox/v2/proxmox/resource_vm_qemu.go:1024[0m[36m >[0m [1mReading configuration for vmid[0m [36mloggerName=[0mresource_vm_read [36mvmid=[0m311
[90mTue, 30 Jun 2026 08:06:53 +0200[0m [32mINF[0m [1mgithub.com/Telmate/terraform-provider-proxmox/v2/proxmox/resource_vm_qemu.go:1390[0m[36m >[0m [1mtrying to get vm ip address for provisioner[0m [36mloggerName=[0minitConnInfo [36mvmid=[0m311
[90mTue, 30 Jun 2026 21:55:19 +0200[0m [32mINF[0m [1mgithub.com/Telmate/terraform-provider-proxmox/v2/proxmox/util.go:188[0m[36m >[0m [1mLogging Started. Root Logger Set to level info[0m
[90mTue, 30 Jun 2026 21:55:20 +0200[0m [32mINF[0m [1mgithub.com/Telmate/terraform-provider-proxmox/v2/proxmox/resource_vm_qemu.go:1024[0m[36m >[0m [1mReading configuration for vmid[0m [36mloggerName=[0mresource_vm_read [36mvmid=[0m311
[90mTue, 30 Jun 2026 21:55:20 +0200[0m [32mINF[0m [1mgithub.com/Telmate/terraform-provider-proxmox/v2/proxmox/resource_vm_qemu.go:1390[0m[36m >[0m [1mtrying to get vm ip address for provisioner[0m [36mloggerName=[0minitConnInfo [36mvmid=[0m311
[90mTue, 30 Jun 2026 21:55:20 +0200[0m [32mINF[0m [1mgithub.com/Telmate/terraform-provider-proxmox/v2/proxmox/resource_vm_qemu.go:1024[0m[36m >[0m [1mReading configuration for vmid[0m [36mloggerName=[0mresource_vm_read [36mvmid=[0m301
[90mTue, 30 Jun 2026 21:55:20 +0200[0m [32mINF[0m [1mgithub.com/Telmate/terraform-provider-proxmox/v2/proxmox/resource_vm_qemu.go:1390[0m[36m >[0m [1mtrying to get vm ip address for provisioner[0m [36mloggerName=[0minitConnInfo [36mvmid=[0m301
[90mTue, 30 Jun 2026 21:55:20 +0200[0m [32mINF[0m [1mgithub.com/Telmate/terraform-provider-proxmox/v2/proxmox/resource_vm_qemu.go:1024[0m[36m >[0m [1mReading configuration for vmid[0m [36mloggerName=[0mresource_vm_read [36mvmid=[0m302
[90mTue, 30 Jun 2026 21:55:20 +0200[0m [32mINF[0m [1mgithub.com/Telmate/terraform-provider-proxmox/v2/proxmox/resource_vm_qemu.go:1390[0m[36m >[0m [1mtrying to get vm ip address for provisioner[0m [36mloggerName=[0minitConnInfo [36mvmid=[0m302
[90mTue, 30 Jun 2026 21:55:20 +0200[0m [32mINF[0m [1mgithub.com/Telmate/terraform-provider-proxmox/v2/proxmox/resource_vm_qemu.go:1024[0m[36m >[0m [1mReading configuration for vmid[0m [36mloggerName=[0mresource_vm_read [36mvmid=[0m300
[90mTue, 30 Jun 2026 21:55:20 +0200[0m [32mINF[0m [1mgithub.com/Telmate/terraform-provider-proxmox/v2/proxmox/resource_vm_qemu.go:1390[0m[36m >[0m [1mtrying to get vm ip address for provisioner[0m [36mloggerName=[0minitConnInfo [36mvmid=[0m300
[90mTue, 30 Jun 2026 21:55:21 +0200[0m [32mINF[0m [1mgithub.com/Telmate/terraform-provider-proxmox/v2/proxmox/util.go:188[0m[36m >[0m [1mLogging Started. Root Logger Set to level info[0m
[90mTue, 30 Jun 2026 21:55:22 +0200[0m [32mINF[0m [1mgithub.com/Telmate/terraform-provider-proxmox/v2/proxmox/util.go:188[0m[36m >[0m [1mLogging Started. Root Logger Set to level info[0m
